
Discarded input sections

 .llvm_addrsig  0x0000000000000000        0x1 acpiman.o
 .llvm_addrsig  0x0000000000000000        0x0 apic.o
 .llvm_addrsig  0x0000000000000000        0x0 debug.o
 .llvm_addrsig  0x0000000000000000        0x0 diskman.o
 .llvm_addrsig  0x0000000000000000        0x0 draw.o
 .llvm_addrsig  0x0000000000000000        0x0 drivers.o
 .llvm_addrsig  0x0000000000000000        0x2 idt.o
 .llvm_addrsig  0x0000000000000000        0x0 io.o
 .llvm_addrsig  0x0000000000000000        0x0 klib.o
 .llvm_addrsig  0x0000000000000000        0x1 krnl_main.o
 .llvm_addrsig  0x0000000000000000        0x0 nvme.o
 .llvm_addrsig  0x0000000000000000        0x0 obj_heap.o
 .llvm_addrsig  0x0000000000000000        0x2 page.o
 .llvm_addrsig  0x0000000000000000        0x1 pageobj_heap.o
 .llvm_addrsig  0x0000000000000000        0x0 pci.o
 .llvm_addrsig  0x0000000000000000        0x1 timer.o

Memory Configuration

Name             Origin             Length             Attributes
*default*        0x0000000000000000 0xffffffffffffffff

Linker script and memory map

LOAD acpiman.o
LOAD apic.o
LOAD debug.o
LOAD diskman.o
LOAD draw.o
LOAD drivers.o
LOAD idt.o
LOAD io.o
LOAD klib.o
LOAD krnl_main.o
LOAD nvme.o
LOAD obj_heap.o
LOAD page.o
LOAD pageobj_heap.o
LOAD pci.o
LOAD timer.o
LOAD boot.o
LOAD header.o
LOAD idt_handlers.o
LOAD /usr/lib/gcc/x86_64-pc-linux-gnu/13.1.1/libgcc.a
                0x0000000000100000                . = 0x100000
                0x0000000000100000                _krnl_start = .

.note.gnu.build-id
                0x0000000000100000       0x24
 .note.gnu.build-id
                0x0000000000100000       0x24 acpiman.o

.text           0x0000000000101000     0x9159
 *(.multiboot)
 .multiboot     0x0000000000101000       0x50 header.o
 *(.text)
 .text          0x0000000000101050      0x50e acpiman.o
                0x0000000000101050                acpiman_isvalid
                0x0000000000101100                acpiman_get_tab
                0x0000000000101180                acpiman_setup
 *fill*         0x000000000010155e        0x2 
 .text          0x0000000000101560      0x164 apic.o
                0x0000000000101560                apic_write_reg
                0x0000000000101580                apic_read_reg
                0x00000000001015a0                apic_get_redir_ent
                0x00000000001015e0                apic_setup
 *fill*         0x00000000001016c4        0xc 
 .text          0x00000000001016d0      0x20a debug.o
                0x00000000001016d0                dbgconchar
                0x0000000000101710                dbg_crash
                0x0000000000101720                dbgnumout_hex
                0x00000000001017e0                dbgnumout_bin
                0x0000000000101890                dbgconout
 *fill*         0x00000000001018da        0x6 
 .text          0x00000000001018e0        0x6 diskman.o
                0x00000000001018e0                diskman_reg_disk
 *fill*         0x00000000001018e6        0xa 
 .text          0x00000000001018f0      0xb1c draw.o
                0x00000000001018f0                draw_char_at
                0x0000000000101b60                draw_swap_textbuf
                0x0000000000101c30                draw_setup
                0x0000000000101e30                draw_scroll_text_buf
                0x0000000000101f80                draw_increment_line
                0x0000000000101fc0                draw_append_text_buf
                0x0000000000102080                draw_string
                0x0000000000102230                draw_hex
 *fill*         0x000000000010240c        0x4 
 .text          0x0000000000102410        0xc drivers.o
                0x0000000000102410                drivers_setup
 *fill*         0x000000000010241c        0x4 
 .text          0x0000000000102420      0x1a8 idt.o
                0x0000000000102420                idt_pagefault_handler
                0x00000000001024c0                idt_set_addr
                0x00000000001024e0                idt_set_trap_ent
                0x0000000000102520                idt_set_irq_ent
                0x0000000000102560                idt_flush
                0x0000000000102570                idt_setup
 .text          0x00000000001025c8        0x0 io.o
 *fill*         0x00000000001025c8        0x8 
 .text          0x00000000001025d0      0x161 klib.o
                0x00000000001025d0                mem_cpy
                0x0000000000102660                mem_set
                0x00000000001026e0                mem_cmp
 *fill*         0x0000000000102731        0xf 
 .text          0x0000000000102740      0x142 krnl_main.o
                0x0000000000102740                krnl_main
 *fill*         0x0000000000102882        0xe 
 .text          0x0000000000102890       0xb3 nvme.o
                0x0000000000102890                nvme_setup_pci_dev
                0x00000000001028d0                nvme_setup
 *fill*         0x0000000000102943        0xd 
 .text          0x0000000000102950      0x84c obj_heap.o
                0x0000000000102950                liballoc_unlock
                0x0000000000102960                liballoc_lock
                0x0000000000102970                liballoc_alloc
                0x0000000000102980                liballoc_free
                0x0000000000102990                k_obj_alloc
                0x0000000000102de0                k_obj_free
                0x0000000000102f50                k_obj_calloc
                0x0000000000102f90                k_obj_realloc
 *fill*         0x000000000010319c        0x4 
 .text          0x00000000001031a0      0xa41 page.o
                0x00000000001031a0                page_init_map
                0x0000000000103230                page_lookup_paddr
                0x0000000000103300                page_alloc
                0x0000000000103590                page_alloc_dev
                0x0000000000103790                page_virt_find_addr
                0x0000000000103900                page_map_paddr
                0x0000000000103980                page_find_and_alloc
                0x0000000000103ae0                page_free_found
                0x0000000000103bd0                page_flush
 *fill*         0x0000000000103be1        0xf 
 .text          0x0000000000103bf0      0x3dc pageobj_heap.o
                0x0000000000103bf0                k_pageobj_init_heap
                0x0000000000103c00                k_pageobj_heap_setup
                0x0000000000103cb0                k_pageobj_add_heapblk
                0x0000000000103d40                k_pageobj_alloc
                0x0000000000103f00                k_pageobj_free
 *fill*         0x0000000000103fcc        0x4 
 .text          0x0000000000103fd0      0x918 pci.o
                0x0000000000103fd0                pci_get_next_dev_ent
                0x0000000000103ff0                pci_new_dev_ent
                0x0000000000104060                pci_write_conw
                0x0000000000104090                pci_read_conw
                0x00000000001040d0                pci_get_sub
                0x0000000000104100                pci_get_sec
                0x0000000000104130                pci_get_cl
                0x0000000000104160                pci_get_type
                0x0000000000104190                pci_get_vendor
                0x00000000001041c0                pci_enum_func
                0x00000000001044a0                pci_enum_bus
                0x0000000000104630                pci_enum_dev
                0x00000000001047c0                pci_enum
 *fill*         0x00000000001048e8        0x8 
 .text          0x00000000001048f0       0x26 timer.o
                0x00000000001048f0                timer_setup
                0x0000000000104910                timer_wait
 *fill*         0x0000000000104916      0x6ea 
 .text          0x0000000000105000     0x50d7 boot.o
                0x000000000010a000                _start
 *fill*         0x000000000010a0d7        0x1 
 .text          0x000000000010a0d8        0x0 header.o
 .text          0x000000000010a0d8       0x81 idt_handlers.o
                0x000000000010a106                idt_timer_handler_s
                0x000000000010a12c                idt_pagefault_handler_s

.iplt           0x000000000010a159        0x0
 .iplt          0x000000000010a159        0x0 acpiman.o

.rodata         0x000000000010b000      0x800
 *(.rodata)
 .rodata        0x000000000010b000      0x800 draw.o

.rodata.str1.1  0x000000000010b800      0x275
 .rodata.str1.1
                0x000000000010b800       0xdc acpiman.o
                                         0xe5 (size before relaxing)
 .rodata.str1.1
                0x000000000010b8dc       0x37 apic.o
 .rodata.str1.1
                0x000000000010b913       0x47 idt.o
 .rodata.str1.1
                0x000000000010b95a       0x4b krnl_main.o
 .rodata.str1.1
                0x000000000010b9a5        0xd nvme.o
 .rodata.str1.1
                0x000000000010b9b2       0x2b obj_heap.o
 .rodata.str1.1
                0x000000000010b9dd       0x22 page.o
 .rodata.str1.1
                0x000000000010b9ff       0x5e pageobj_heap.o
 .rodata.str1.1
                0x000000000010ba5d       0x18 pci.o

.rodata.str1.16
                0x000000000010ba80       0x11
 .rodata.str1.16
                0x000000000010ba80       0x11 debug.o
 .rodata.str1.16
                0x000000000010ba91       0x11 draw.o

.rela.dyn       0x000000000010ba98        0x0
 .rela.got      0x000000000010ba98        0x0 acpiman.o
 .rela.iplt     0x000000000010ba98        0x0 acpiman.o
 .rela.text     0x000000000010ba98        0x0 acpiman.o

.data
 *(.data)

.got            0x000000000010ba98        0x0
 .got           0x000000000010ba98        0x0 acpiman.o

.got.plt        0x000000000010ba98        0x0
 .got.plt       0x000000000010ba98        0x0 acpiman.o

.igot.plt       0x000000000010ba98        0x0
 .igot.plt      0x000000000010ba98        0x0 acpiman.o

.bss            0x000000000010c000  0x1013420
 *(COMMON)
 *(.bss)
 .bss           0x000000000010c000       0x2c acpiman.o
                0x000000000010c000                sys_xsdt_addr
                0x000000000010c008                sys_rsdp_desc
 *fill*         0x000000000010c02c        0x4 
 .bss           0x000000000010c030       0x10 apic.o
                0x000000000010c030                ioapic_addr
                0x000000000010c038                madt
 .bss           0x000000000010c040       0x48 draw.o
                0x000000000010c040                th
                0x000000000010c048                tw
                0x000000000010c050                text_buf
                0x000000000010c078                tcury
                0x000000000010c080                tcurx
 *fill*         0x000000000010c088        0x8 
 .bss           0x000000000010c090      0xffa idt.o
                0x000000000010c090                idt_table
                0x000000000010d080                idtr
 *fill*         0x000000000010d08a        0x6 
 .bss           0x000000000010d090        0x8 krnl_main.o
                0x000000000010d090                m_info
 .bss           0x000000000010d098       0x38 obj_heap.o
 *fill*         0x000000000010d0d0      0xf30 
 .bss           0x000000000010e000  0x1001000 page.o
                0x000000000010e000                phys_mem_map
                0x000000000110e000                pml4_table
 .bss           0x000000000110f000       0x10 pageobj_heap.o
                0x000000000110f000                page_heap
 .bss           0x000000000110f010        0x8 pci.o
                0x000000000110f010                pci_root
 *fill*         0x000000000110f018        0x8 
 .bss           0x000000000110f020    0x10400 boot.o
                0x000000000111f420                _krnl_end = .
OUTPUT(sfkrnl.elf elf64-x86-64)

.comment        0x0000000000000000       0x15
 .comment       0x0000000000000000       0x15 acpiman.o
                                         0x16 (size before relaxing)
 .comment       0x0000000000000015       0x16 apic.o
 .comment       0x0000000000000015       0x16 debug.o
 .comment       0x0000000000000015       0x16 diskman.o
 .comment       0x0000000000000015       0x16 draw.o
 .comment       0x0000000000000015       0x16 drivers.o
 .comment       0x0000000000000015       0x16 idt.o
 .comment       0x0000000000000015       0x16 io.o
 .comment       0x0000000000000015       0x16 klib.o
 .comment       0x0000000000000015       0x16 krnl_main.o
 .comment       0x0000000000000015       0x16 nvme.o
 .comment       0x0000000000000015       0x16 obj_heap.o
 .comment       0x0000000000000015       0x16 page.o
 .comment       0x0000000000000015       0x16 pageobj_heap.o
 .comment       0x0000000000000015       0x16 pci.o
 .comment       0x0000000000000015       0x16 timer.o

.note.GNU-stack
                0x0000000000000000        0x0
 .note.GNU-stack
                0x0000000000000000        0x0 acpiman.o
 .note.GNU-stack
                0x0000000000000000        0x0 apic.o
 .note.GNU-stack
                0x0000000000000000        0x0 debug.o
 .note.GNU-stack
                0x0000000000000000        0x0 diskman.o
 .note.GNU-stack
                0x0000000000000000        0x0 draw.o
 .note.GNU-stack
                0x0000000000000000        0x0 drivers.o
 .note.GNU-stack
                0x0000000000000000        0x0 idt.o
 .note.GNU-stack
                0x0000000000000000        0x0 io.o
 .note.GNU-stack
                0x0000000000000000        0x0 klib.o
 .note.GNU-stack
                0x0000000000000000        0x0 krnl_main.o
 .note.GNU-stack
                0x0000000000000000        0x0 nvme.o
 .note.GNU-stack
                0x0000000000000000        0x0 obj_heap.o
 .note.GNU-stack
                0x0000000000000000        0x0 page.o
 .note.GNU-stack
                0x0000000000000000        0x0 pageobj_heap.o
 .note.GNU-stack
                0x0000000000000000        0x0 pci.o
 .note.GNU-stack
                0x0000000000000000        0x0 timer.o
