
Discarded input sections

 .llvm_addrsig  0x0000000000000000        0x0 debug.o
 .llvm_addrsig  0x0000000000000000        0x0 diskman.o
 .llvm_addrsig  0x0000000000000000        0x0 draw.o
 .llvm_addrsig  0x0000000000000000        0x0 drivers.o
 .llvm_addrsig  0x0000000000000000        0x0 font.o
 .llvm_addrsig  0x0000000000000000        0x2 idt.o
 .llvm_addrsig  0x0000000000000000        0x0 io.o
 .llvm_addrsig  0x0000000000000000        0x0 klib.o
 .llvm_addrsig  0x0000000000000000        0x1 krnl_main.o
 .llvm_addrsig  0x0000000000000000        0x0 nvme.o
 .llvm_addrsig  0x0000000000000000        0x0 obj_heap.o
 .llvm_addrsig  0x0000000000000000        0x2 page.o
 .llvm_addrsig  0x0000000000000000        0x1 pageobj_heap.o
 .llvm_addrsig  0x0000000000000000        0x0 pci.o

Memory Configuration

Name             Origin             Length             Attributes
*default*        0x0000000000000000 0xffffffffffffffff

Linker script and memory map

LOAD debug.o
LOAD diskman.o
LOAD draw.o
LOAD drivers.o
LOAD font.o
LOAD idt.o
LOAD io.o
LOAD klib.o
LOAD krnl_main.o
LOAD nvme.o
LOAD obj_heap.o
LOAD page.o
LOAD pageobj_heap.o
LOAD pci.o
LOAD boot.o
LOAD header.o
LOAD idt_handlers.o
LOAD /usr/lib/gcc/x86_64-pc-linux-gnu/13.1.1/libgcc.a
                0x0000000000100000                . = 0x100000
                0x0000000000100000                _krnl_start = .

.note.gnu.build-id
                0x0000000000100000       0x24
 .note.gnu.build-id
                0x0000000000100000       0x24 debug.o

.text           0x0000000000101000     0x810d
 *(.multiboot)
 .multiboot     0x0000000000101000       0x50 header.o
 *(.text)
 .text          0x0000000000101050      0x20a debug.o
                0x0000000000101050                dbgconchar
                0x0000000000101090                dbg_crash
                0x00000000001010a0                dbgnumout_hex
                0x0000000000101160                dbgnumout_bin
                0x0000000000101210                dbgconout
 *fill*         0x000000000010125a        0x6 
 .text          0x0000000000101260        0x6 diskman.o
                0x0000000000101260                diskman_reg_disk
 *fill*         0x0000000000101266        0xa 
 .text          0x0000000000101270      0x4c1 draw.o
                0x0000000000101270                draw_char_at
                0x0000000000101320                draw_textbuf
                0x00000000001014e0                draw_setup
                0x00000000001016b0                draw_append_text_buf
                0x00000000001016e0                draw_string
 *fill*         0x0000000000101731        0xf 
 .text          0x0000000000101740        0xc drivers.o
                0x0000000000101740                drivers_setup
 .text          0x000000000010174c        0x0 font.o
 *fill*         0x000000000010174c        0x4 
 .text          0x0000000000101750      0x128 idt.o
                0x0000000000101750                idt_pagefault_handler
                0x00000000001017b0                idt_set_addr
                0x00000000001017d0                idt_set_trap_ent
                0x0000000000101810                idt_flush
                0x0000000000101820                idt_setup
 .text          0x0000000000101878        0x0 io.o
 *fill*         0x0000000000101878        0x8 
 .text          0x0000000000101880       0x81 klib.o
                0x0000000000101880                mem_cpy
 *fill*         0x0000000000101901        0xf 
 .text          0x0000000000101910      0x142 krnl_main.o
                0x0000000000101910                krnl_main
 *fill*         0x0000000000101a52        0xe 
 .text          0x0000000000101a60       0xb3 nvme.o
                0x0000000000101a60                nvme_setup_pci_dev
                0x0000000000101aa0                nvme_setup
 *fill*         0x0000000000101b13        0xd 
 .text          0x0000000000101b20      0x84c obj_heap.o
                0x0000000000101b20                liballoc_unlock
                0x0000000000101b30                liballoc_lock
                0x0000000000101b40                liballoc_alloc
                0x0000000000101b50                liballoc_free
                0x0000000000101b60                k_obj_alloc
                0x0000000000101fb0                k_obj_free
                0x0000000000102120                k_obj_calloc
                0x0000000000102160                k_obj_realloc
 *fill*         0x000000000010236c        0x4 
 .text          0x0000000000102370      0x951 page.o
                0x0000000000102370                page_init_map
                0x0000000000102400                page_lookup_paddr
                0x00000000001024d0                page_alloc
                0x0000000000102760                page_alloc_dev
                0x0000000000102960                page_virt_find_addr
                0x0000000000102ad0                page_find_and_alloc
                0x0000000000102bc0                page_free_found
                0x0000000000102cb0                page_flush
 *fill*         0x0000000000102cc1        0xf 
 .text          0x0000000000102cd0      0x3dc pageobj_heap.o
                0x0000000000102cd0                k_pageobj_init_heap
                0x0000000000102ce0                k_pageobj_heap_setup
                0x0000000000102d90                k_pageobj_add_heapblk
                0x0000000000102e20                k_pageobj_alloc
                0x0000000000102fe0                k_pageobj_free
 *fill*         0x00000000001030ac        0x4 
 .text          0x00000000001030b0      0x918 pci.o
                0x00000000001030b0                pci_get_next_dev_ent
                0x00000000001030d0                pci_new_dev_ent
                0x0000000000103140                pci_write_conw
                0x0000000000103170                pci_read_conw
                0x00000000001031b0                pci_get_sub
                0x00000000001031e0                pci_get_sec
                0x0000000000103210                pci_get_cl
                0x0000000000103240                pci_get_type
                0x0000000000103270                pci_get_vendor
                0x00000000001032a0                pci_enum_func
                0x0000000000103580                pci_enum_bus
                0x0000000000103710                pci_enum_dev
                0x00000000001038a0                pci_enum
 *fill*         0x00000000001039c8      0x638 
 .text          0x0000000000104000     0x50d7 boot.o
                0x0000000000109000                _start
 *fill*         0x00000000001090d7        0x1 
 .text          0x00000000001090d8        0x0 header.o
 .text          0x00000000001090d8       0x35 idt_handlers.o
                0x00000000001090e0                idt_pagefault_handler_s

.iplt           0x000000000010910d        0x0
 .iplt          0x000000000010910d        0x0 debug.o

.rodata
 *(.rodata)

.rodata.str1.16
                0x0000000000109110       0x11
 .rodata.str1.16
                0x0000000000109110       0x11 debug.o

.rodata.str1.1  0x0000000000109121      0x149
 .rodata.str1.1
                0x0000000000109121       0x21 idt.o
 .rodata.str1.1
                0x0000000000109142       0x58 krnl_main.o
 .rodata.str1.1
                0x000000000010919a        0xd nvme.o
 .rodata.str1.1
                0x00000000001091a7       0x2b obj_heap.o
 .rodata.str1.1
                0x00000000001091d2       0x22 page.o
 .rodata.str1.1
                0x00000000001091f4       0x5e pageobj_heap.o
 .rodata.str1.1
                0x0000000000109252       0x18 pci.o

.rela.dyn       0x0000000000109270        0x0
 .rela.got      0x0000000000109270        0x0 debug.o
 .rela.iplt     0x0000000000109270        0x0 debug.o
 .rela.text     0x0000000000109270        0x0 debug.o

.data           0x000000000010a000      0x800
 *(.data)
 .data          0x000000000010a000      0x800 font.o
                0x000000000010a000                font_data

.got            0x000000000010a800        0x0
 .got           0x000000000010a800        0x0 debug.o

.got.plt        0x000000000010a800        0x0
 .got.plt       0x000000000010a800        0x0 debug.o

.igot.plt       0x000000000010a800        0x0
 .igot.plt      0x000000000010a800        0x0 debug.o

.bss            0x000000000010b000  0x1076420
 *(COMMON)
 *(.bss)
 .bss           0x000000000010b000     0x1d98 draw.o
                0x000000000010b018                th
                0x000000000010b020                tw
                0x000000000010b030                text_buf
                0x000000000010cd88                tcury
                0x000000000010cd90                tcurx
 *fill*         0x000000000010cd98        0x8 
 .bss           0x000000000010cda0      0xffa idt.o
                0x000000000010cda0                idt_table
                0x000000000010dd90                idtr
 *fill*         0x000000000010dd9a        0x6 
 .bss           0x000000000010dda0    0x61a90 krnl_main.o
                0x000000000010dda0                m_info
                0x000000000010ddb0                addr
 .bss           0x000000000016f830       0x38 obj_heap.o
 *fill*         0x000000000016f868      0x798 
 .bss           0x0000000000170000  0x1001000 page.o
                0x0000000000170000                phys_mem_map
                0x0000000001170000                pml4_table
 .bss           0x0000000001171000       0x10 pageobj_heap.o
                0x0000000001171000                page_heap
 .bss           0x0000000001171010        0x8 pci.o
                0x0000000001171010                pci_root
 *fill*         0x0000000001171018        0x8 
 .bss           0x0000000001171020    0x10400 boot.o
                0x0000000001181420                _krnl_end = .
OUTPUT(sfkrnl.elf elf64-x86-64)

.comment        0x0000000000000000       0x15
 .comment       0x0000000000000000       0x15 debug.o
                                         0x16 (size before relaxing)
 .comment       0x0000000000000015       0x16 diskman.o
 .comment       0x0000000000000015       0x16 draw.o
 .comment       0x0000000000000015       0x16 drivers.o
 .comment       0x0000000000000015       0x16 font.o
 .comment       0x0000000000000015       0x16 idt.o
 .comment       0x0000000000000015       0x16 io.o
 .comment       0x0000000000000015       0x16 klib.o
 .comment       0x0000000000000015       0x16 krnl_main.o
 .comment       0x0000000000000015       0x16 nvme.o
 .comment       0x0000000000000015       0x16 obj_heap.o
 .comment       0x0000000000000015       0x16 page.o
 .comment       0x0000000000000015       0x16 pageobj_heap.o
 .comment       0x0000000000000015       0x16 pci.o

.note.GNU-stack
                0x0000000000000000        0x0
 .note.GNU-stack
                0x0000000000000000        0x0 debug.o
 .note.GNU-stack
                0x0000000000000000        0x0 diskman.o
 .note.GNU-stack
                0x0000000000000000        0x0 draw.o
 .note.GNU-stack
                0x0000000000000000        0x0 drivers.o
 .note.GNU-stack
                0x0000000000000000        0x0 font.o
 .note.GNU-stack
                0x0000000000000000        0x0 idt.o
 .note.GNU-stack
                0x0000000000000000        0x0 io.o
 .note.GNU-stack
                0x0000000000000000        0x0 klib.o
 .note.GNU-stack
                0x0000000000000000        0x0 krnl_main.o
 .note.GNU-stack
                0x0000000000000000        0x0 nvme.o
 .note.GNU-stack
                0x0000000000000000        0x0 obj_heap.o
 .note.GNU-stack
                0x0000000000000000        0x0 page.o
 .note.GNU-stack
                0x0000000000000000        0x0 pageobj_heap.o
 .note.GNU-stack
                0x0000000000000000        0x0 pci.o
