
Discarded input sections

 .llvm_addrsig  0x0000000000000000        0x0 debug.o
 .llvm_addrsig  0x0000000000000000        0x2 idt.o
 .llvm_addrsig  0x0000000000000000        0x0 io.o
 .llvm_addrsig  0x0000000000000000        0x0 klib.o
 .llvm_addrsig  0x0000000000000000        0x0 krnl_main.o
 .llvm_addrsig  0x0000000000000000        0x0 obj_heap.o
 .llvm_addrsig  0x0000000000000000        0x2 page.o
 .llvm_addrsig  0x0000000000000000        0x1 pageobj_heap.o
 .llvm_addrsig  0x0000000000000000        0x0 pci.o

Memory Configuration

Name             Origin             Length             Attributes
*default*        0x0000000000000000 0xffffffffffffffff

Linker script and memory map

LOAD debug.o
LOAD idt.o
LOAD io.o
LOAD klib.o
LOAD krnl_main.o
LOAD obj_heap.o
LOAD page.o
LOAD pageobj_heap.o
LOAD pci.o
LOAD boot.o
LOAD header.o
LOAD idt_handlers.o
LOAD /usr/lib/gcc/x86_64-pc-linux-gnu/13.1.1/libgcc.a
                0x0000000000100000                . = 0x100000
                0x0000000000100000                _krnl_start = .

.note.gnu.build-id
                0x0000000000100000       0x24
 .note.gnu.build-id
                0x0000000000100000       0x24 debug.o

.text           0x0000000000101000     0x810d
 *(.multiboot)
 .multiboot     0x0000000000101000       0x50 header.o
 *(.text)
 .text          0x0000000000101050      0x1d6 debug.o
                0x0000000000101050                dbgconchar
                0x0000000000101080                dbg_crash
                0x0000000000101090                dbgnumout_hex
                0x0000000000101140                dbgnumout_bin
                0x00000000001011e0                dbgconout
 *fill*         0x0000000000101226        0xa 
 .text          0x0000000000101230      0x128 idt.o
                0x0000000000101230                idt_pagefault_handler
                0x0000000000101290                idt_set_addr
                0x00000000001012b0                idt_set_trap_ent
                0x00000000001012f0                idt_flush
                0x0000000000101300                idt_setup
 .text          0x0000000000101358        0x0 io.o
 *fill*         0x0000000000101358        0x8 
 .text          0x0000000000101360       0x81 klib.o
                0x0000000000101360                mem_cpy
 *fill*         0x00000000001013e1        0xf 
 .text          0x00000000001013f0      0x33f krnl_main.o
                0x00000000001013f0                krnl_main
 *fill*         0x000000000010172f        0x1 
 .text          0x0000000000101730      0x80c obj_heap.o
                0x0000000000101730                liballoc_unlock
                0x0000000000101740                liballoc_lock
                0x0000000000101750                liballoc_alloc
                0x0000000000101760                liballoc_free
                0x0000000000101770                k_obj_alloc
                0x0000000000101b80                k_obj_free
                0x0000000000101cf0                k_obj_calloc
                0x0000000000101d30                k_obj_realloc
 *fill*         0x0000000000101f3c        0x4 
 .text          0x0000000000101f40      0x951 page.o
                0x0000000000101f40                page_init_map
                0x0000000000101fd0                page_lookup_paddr
                0x00000000001020a0                page_alloc
                0x0000000000102330                page_alloc_dev
                0x0000000000102530                page_virt_find_addr
                0x00000000001026a0                page_find_and_alloc
                0x0000000000102790                page_free_found
                0x0000000000102880                page_flush
 *fill*         0x0000000000102891        0xf 
 .text          0x00000000001028a0      0x3dc pageobj_heap.o
                0x00000000001028a0                k_pageobj_init_heap
                0x00000000001028b0                k_pageobj_heap_setup
                0x0000000000102960                k_pageobj_add_heapblk
                0x00000000001029f0                k_pageobj_alloc
                0x0000000000102bb0                k_pageobj_free
 *fill*         0x0000000000102c7c        0x4 
 .text          0x0000000000102c80      0x8da pci.o
                0x0000000000102c80                pci_new_dev_ent
                0x0000000000102ce0                pci_write_conw
                0x0000000000102d10                pci_read_conw
                0x0000000000102d50                pci_get_sub
                0x0000000000102d80                pci_get_sec
                0x0000000000102db0                pci_get_base
                0x0000000000102de0                pci_get_type
                0x0000000000102e10                pci_get_vendor
                0x0000000000102f10                pci_enum_func
                0x0000000000103130                pci_enum_bus
                0x00000000001032c0                pci_enum_dev
                0x0000000000103440                pci_enum
 *fill*         0x000000000010355a      0xaa6 
 .text          0x0000000000104000     0x50d7 boot.o
                0x0000000000109000                _start
 *fill*         0x00000000001090d7        0x1 
 .text          0x00000000001090d8        0x0 header.o
 .text          0x00000000001090d8       0x35 idt_handlers.o
                0x00000000001090e0                idt_pagefault_handler_s

.iplt           0x000000000010910d        0x0
 .iplt          0x000000000010910d        0x0 debug.o

.rodata
 *(.rodata)

.rodata.str1.16
                0x0000000000109110       0x11
 .rodata.str1.16
                0x0000000000109110       0x11 debug.o

.rodata.str1.1  0x0000000000109121      0x101
 .rodata.str1.1
                0x0000000000109121       0x21 idt.o
 .rodata.str1.1
                0x0000000000109142       0x4b krnl_main.o
 .rodata.str1.1
                0x000000000010918d       0x15 obj_heap.o
 .rodata.str1.1
                0x00000000001091a2       0x22 page.o
 .rodata.str1.1
                0x00000000001091c4       0x5e pageobj_heap.o

.rela.dyn       0x0000000000109228        0x0
 .rela.got      0x0000000000109228        0x0 debug.o
 .rela.iplt     0x0000000000109228        0x0 debug.o
 .rela.text     0x0000000000109228        0x0 debug.o

.data
 *(.data)

.got            0x0000000000109228        0x0
 .got           0x0000000000109228        0x0 debug.o

.got.plt        0x0000000000109228        0x0
 .got.plt       0x0000000000109228        0x0 debug.o

.igot.plt       0x0000000000109228        0x0
 .igot.plt      0x0000000000109228        0x0 debug.o

.bss            0x000000000010a000  0x1074420
 *(COMMON)
 *(.bss)
 .bss           0x000000000010a000      0xffa idt.o
                0x000000000010a000                idt_table
                0x000000000010aff0                idtr
 *fill*         0x000000000010affa        0x6 
 .bss           0x000000000010b000    0x61ab0 krnl_main.o
                0x000000000010b000                m_info
                0x000000000010b008                fbaddr
                0x000000000010b010                fbw
                0x000000000010b018                fbh
                0x000000000010b020                fbb
                0x000000000010b030                addr
 .bss           0x000000000016cab0       0x38 obj_heap.o
 *fill*         0x000000000016cae8      0x518 
 .bss           0x000000000016d000  0x1001000 page.o
                0x000000000016d000                phys_mem_map
                0x000000000116d000                pml4_table
 .bss           0x000000000116e000       0x10 pageobj_heap.o
                0x000000000116e000                page_heap
 .bss           0x000000000116e010        0x8 pci.o
                0x000000000116e010                pci_root
 *fill*         0x000000000116e018        0x8 
 .bss           0x000000000116e020    0x10400 boot.o
                0x000000000117e420                _krnl_end = .
OUTPUT(sfkrnl.elf elf64-x86-64)

.comment        0x0000000000000000       0x15
 .comment       0x0000000000000000       0x15 debug.o
                                         0x16 (size before relaxing)
 .comment       0x0000000000000015       0x16 idt.o
 .comment       0x0000000000000015       0x16 io.o
 .comment       0x0000000000000015       0x16 klib.o
 .comment       0x0000000000000015       0x16 krnl_main.o
 .comment       0x0000000000000015       0x16 obj_heap.o
 .comment       0x0000000000000015       0x16 page.o
 .comment       0x0000000000000015       0x16 pageobj_heap.o
 .comment       0x0000000000000015       0x16 pci.o

.note.GNU-stack
                0x0000000000000000        0x0
 .note.GNU-stack
                0x0000000000000000        0x0 debug.o
 .note.GNU-stack
                0x0000000000000000        0x0 idt.o
 .note.GNU-stack
                0x0000000000000000        0x0 io.o
 .note.GNU-stack
                0x0000000000000000        0x0 klib.o
 .note.GNU-stack
                0x0000000000000000        0x0 krnl_main.o
 .note.GNU-stack
                0x0000000000000000        0x0 obj_heap.o
 .note.GNU-stack
                0x0000000000000000        0x0 page.o
 .note.GNU-stack
                0x0000000000000000        0x0 pageobj_heap.o
 .note.GNU-stack
                0x0000000000000000        0x0 pci.o
