
Discarded input sections

 .llvm_addrsig  0x0000000000000000        0x0 acpiman.o
 .llvm_addrsig  0x0000000000000000        0x0 apic.o
 .llvm_addrsig  0x0000000000000000        0x0 debug.o
 .llvm_addrsig  0x0000000000000000        0x0 diskman.o
 .llvm_addrsig  0x0000000000000000        0x0 draw.o
 .llvm_addrsig  0x0000000000000000        0x0 drivers.o
 .llvm_addrsig  0x0000000000000000        0x2 idt.o
 .llvm_addrsig  0x0000000000000000        0x0 io.o
 .llvm_addrsig  0x0000000000000000        0x0 klib.o
 .llvm_addrsig  0x0000000000000000        0x1 krnl_main.o
 .llvm_addrsig  0x0000000000000000        0x0 nvme.o
 .llvm_addrsig  0x0000000000000000        0x0 obj_heap.o
 .llvm_addrsig  0x0000000000000000        0x2 page.o
 .llvm_addrsig  0x0000000000000000        0x1 pageobj_heap.o
 .llvm_addrsig  0x0000000000000000        0x0 pci.o
 .llvm_addrsig  0x0000000000000000        0x1 timer.o

Memory Configuration

Name             Origin             Length             Attributes
*default*        0x0000000000000000 0xffffffffffffffff

Linker script and memory map

LOAD acpiman.o
LOAD apic.o
LOAD debug.o
LOAD diskman.o
LOAD draw.o
LOAD drivers.o
LOAD idt.o
LOAD io.o
LOAD klib.o
LOAD krnl_main.o
LOAD nvme.o
LOAD obj_heap.o
LOAD page.o
LOAD pageobj_heap.o
LOAD pci.o
LOAD timer.o
LOAD boot.o
LOAD header.o
LOAD idt_handlers.o
LOAD /usr/lib/gcc/x86_64-pc-linux-gnu/13.1.1/libgcc.a
                0x0000000000100000                . = 0x100000
                0x0000000000100000                _krnl_start = .

.note.gnu.build-id
                0x0000000000100000       0x24
 .note.gnu.build-id
                0x0000000000100000       0x24 acpiman.o

.text           0x0000000000101000     0x8159
 *(.multiboot)
 .multiboot     0x0000000000101000       0x50 header.o
 *(.text)
 .text          0x0000000000101050        0x6 acpiman.o
                0x0000000000101050                acpiman_setup
 *fill*         0x0000000000101056        0xa 
 .text          0x0000000000101060        0xe apic.o
                0x0000000000101060                apic_setup
 *fill*         0x000000000010106e        0x2 
 .text          0x0000000000101070      0x20a debug.o
                0x0000000000101070                dbgconchar
                0x00000000001010b0                dbg_crash
                0x00000000001010c0                dbgnumout_hex
                0x0000000000101180                dbgnumout_bin
                0x0000000000101230                dbgconout
 *fill*         0x000000000010127a        0x6 
 .text          0x0000000000101280        0x6 diskman.o
                0x0000000000101280                diskman_reg_disk
 *fill*         0x0000000000101286        0xa 
 .text          0x0000000000101290      0x93c draw.o
                0x0000000000101290                draw_char_at
                0x0000000000101500                draw_textbuf
                0x00000000001015d0                draw_setup
                0x00000000001017d0                draw_scroll_text_buf
                0x0000000000101920                draw_increment_line
                0x0000000000101960                draw_append_text_buf
                0x0000000000101a20                draw_string
 *fill*         0x0000000000101bcc        0x4 
 .text          0x0000000000101bd0        0xc drivers.o
                0x0000000000101bd0                drivers_setup
 *fill*         0x0000000000101bdc        0x4 
 .text          0x0000000000101be0      0x168 idt.o
                0x0000000000101be0                idt_pagefault_handler
                0x0000000000101c40                idt_set_addr
                0x0000000000101c60                idt_set_trap_ent
                0x0000000000101ca0                idt_set_irq_ent
                0x0000000000101ce0                idt_flush
                0x0000000000101cf0                idt_setup
 .text          0x0000000000101d48        0x0 io.o
 *fill*         0x0000000000101d48        0x8 
 .text          0x0000000000101d50      0x10e klib.o
                0x0000000000101d50                mem_cpy
                0x0000000000101de0                mem_set
 *fill*         0x0000000000101e5e        0x2 
 .text          0x0000000000101e60      0x172 krnl_main.o
                0x0000000000101e60                krnl_main
 *fill*         0x0000000000101fd2        0xe 
 .text          0x0000000000101fe0       0xb3 nvme.o
                0x0000000000101fe0                nvme_setup_pci_dev
                0x0000000000102020                nvme_setup
 *fill*         0x0000000000102093        0xd 
 .text          0x00000000001020a0      0x84c obj_heap.o
                0x00000000001020a0                liballoc_unlock
                0x00000000001020b0                liballoc_lock
                0x00000000001020c0                liballoc_alloc
                0x00000000001020d0                liballoc_free
                0x00000000001020e0                k_obj_alloc
                0x0000000000102530                k_obj_free
                0x00000000001026a0                k_obj_calloc
                0x00000000001026e0                k_obj_realloc
 *fill*         0x00000000001028ec        0x4 
 .text          0x00000000001028f0      0x9c1 page.o
                0x00000000001028f0                page_init_map
                0x0000000000102980                page_lookup_paddr
                0x0000000000102a50                page_alloc
                0x0000000000102ce0                page_alloc_dev
                0x0000000000102ee0                page_virt_find_addr
                0x0000000000103050                page_find_and_alloc
                0x00000000001031b0                page_free_found
                0x00000000001032a0                page_flush
 *fill*         0x00000000001032b1        0xf 
 .text          0x00000000001032c0      0x3dc pageobj_heap.o
                0x00000000001032c0                k_pageobj_init_heap
                0x00000000001032d0                k_pageobj_heap_setup
                0x0000000000103380                k_pageobj_add_heapblk
                0x0000000000103410                k_pageobj_alloc
                0x00000000001035d0                k_pageobj_free
 *fill*         0x000000000010369c        0x4 
 .text          0x00000000001036a0      0x918 pci.o
                0x00000000001036a0                pci_get_next_dev_ent
                0x00000000001036c0                pci_new_dev_ent
                0x0000000000103730                pci_write_conw
                0x0000000000103760                pci_read_conw
                0x00000000001037a0                pci_get_sub
                0x00000000001037d0                pci_get_sec
                0x0000000000103800                pci_get_cl
                0x0000000000103830                pci_get_type
                0x0000000000103860                pci_get_vendor
                0x0000000000103890                pci_enum_func
                0x0000000000103b70                pci_enum_bus
                0x0000000000103d00                pci_enum_dev
                0x0000000000103e90                pci_enum
 *fill*         0x0000000000103fb8        0x8 
 .text          0x0000000000103fc0       0x26 timer.o
                0x0000000000103fc0                timer_setup
                0x0000000000103fe0                timer_wait
 *fill*         0x0000000000103fe6       0x1a 
 .text          0x0000000000104000     0x50d7 boot.o
                0x0000000000109000                _start
 *fill*         0x00000000001090d7        0x1 
 .text          0x00000000001090d8        0x0 header.o
 .text          0x00000000001090d8       0x81 idt_handlers.o
                0x0000000000109106                idt_timer_handler_s
                0x000000000010912c                idt_pagefault_handler_s

.iplt           0x0000000000109159        0x0
 .iplt          0x0000000000109159        0x0 acpiman.o

.rodata         0x000000000010a000      0x800
 *(.rodata)
 .rodata        0x000000000010a000      0x800 draw.o

.rodata.str1.16
                0x000000000010a800       0x11
 .rodata.str1.16
                0x000000000010a800       0x11 debug.o

.rodata.str1.1  0x000000000010a811      0x14a
 .rodata.str1.1
                0x000000000010a811       0x21 idt.o
 .rodata.str1.1
                0x000000000010a832       0x59 krnl_main.o
 .rodata.str1.1
                0x000000000010a88b        0xd nvme.o
 .rodata.str1.1
                0x000000000010a898       0x2b obj_heap.o
 .rodata.str1.1
                0x000000000010a8c3       0x22 page.o
 .rodata.str1.1
                0x000000000010a8e5       0x5e pageobj_heap.o
 .rodata.str1.1
                0x000000000010a943       0x18 pci.o

.rela.dyn       0x000000000010a960        0x0
 .rela.got      0x000000000010a960        0x0 acpiman.o
 .rela.iplt     0x000000000010a960        0x0 acpiman.o
 .rela.text     0x000000000010a960        0x0 acpiman.o

.data
 *(.data)

.got            0x000000000010a960        0x0
 .got           0x000000000010a960        0x0 acpiman.o

.got.plt        0x000000000010a960        0x0
 .got.plt       0x000000000010a960        0x0 acpiman.o

.igot.plt       0x000000000010a960        0x0
 .igot.plt      0x000000000010a960        0x0 acpiman.o

.bss            0x000000000010b000  0x1074420
 *(COMMON)
 *(.bss)
 .bss           0x000000000010b000       0x48 draw.o
                0x000000000010b000                th
                0x000000000010b008                tw
                0x000000000010b010                text_buf
                0x000000000010b038                tcury
                0x000000000010b040                tcurx
 *fill*         0x000000000010b048        0x8 
 .bss           0x000000000010b050      0xffa idt.o
                0x000000000010b050                idt_table
                0x000000000010c040                idtr
 *fill*         0x000000000010c04a        0x6 
 .bss           0x000000000010c050    0x61a90 krnl_main.o
                0x000000000010c050                m_info
                0x000000000010c060                addr
 .bss           0x000000000016dae0       0x38 obj_heap.o
 *fill*         0x000000000016db18      0x4e8 
 .bss           0x000000000016e000  0x1001000 page.o
                0x000000000016e000                phys_mem_map
                0x000000000116e000                pml4_table
 .bss           0x000000000116f000       0x10 pageobj_heap.o
                0x000000000116f000                page_heap
 .bss           0x000000000116f010        0x8 pci.o
                0x000000000116f010                pci_root
 *fill*         0x000000000116f018        0x8 
 .bss           0x000000000116f020    0x10400 boot.o
                0x000000000117f420                _krnl_end = .
OUTPUT(sfkrnl.elf elf64-x86-64)

.comment        0x0000000000000000       0x15
 .comment       0x0000000000000000       0x15 acpiman.o
                                         0x16 (size before relaxing)
 .comment       0x0000000000000015       0x16 apic.o
 .comment       0x0000000000000015       0x16 debug.o
 .comment       0x0000000000000015       0x16 diskman.o
 .comment       0x0000000000000015       0x16 draw.o
 .comment       0x0000000000000015       0x16 drivers.o
 .comment       0x0000000000000015       0x16 idt.o
 .comment       0x0000000000000015       0x16 io.o
 .comment       0x0000000000000015       0x16 klib.o
 .comment       0x0000000000000015       0x16 krnl_main.o
 .comment       0x0000000000000015       0x16 nvme.o
 .comment       0x0000000000000015       0x16 obj_heap.o
 .comment       0x0000000000000015       0x16 page.o
 .comment       0x0000000000000015       0x16 pageobj_heap.o
 .comment       0x0000000000000015       0x16 pci.o
 .comment       0x0000000000000015       0x16 timer.o

.note.GNU-stack
                0x0000000000000000        0x0
 .note.GNU-stack
                0x0000000000000000        0x0 acpiman.o
 .note.GNU-stack
                0x0000000000000000        0x0 apic.o
 .note.GNU-stack
                0x0000000000000000        0x0 debug.o
 .note.GNU-stack
                0x0000000000000000        0x0 diskman.o
 .note.GNU-stack
                0x0000000000000000        0x0 draw.o
 .note.GNU-stack
                0x0000000000000000        0x0 drivers.o
 .note.GNU-stack
                0x0000000000000000        0x0 idt.o
 .note.GNU-stack
                0x0000000000000000        0x0 io.o
 .note.GNU-stack
                0x0000000000000000        0x0 klib.o
 .note.GNU-stack
                0x0000000000000000        0x0 krnl_main.o
 .note.GNU-stack
                0x0000000000000000        0x0 nvme.o
 .note.GNU-stack
                0x0000000000000000        0x0 obj_heap.o
 .note.GNU-stack
                0x0000000000000000        0x0 page.o
 .note.GNU-stack
                0x0000000000000000        0x0 pageobj_heap.o
 .note.GNU-stack
                0x0000000000000000        0x0 pci.o
 .note.GNU-stack
                0x0000000000000000        0x0 timer.o
